******************************************************************************
                  TI ARM Linker PC v20.2.7                     
******************************************************************************
>> Linked Thu Feb  1 17:06:44 2024

OUTPUT FILE NAME:   <ece230finalGibbonsE.out>
ENTRY POINT SYMBOL: "_c_int00_noargs"  address: 000008e1


MEMORY CONFIGURATION

         name            origin    length      used     unused   attr    fill
----------------------  --------  ---------  --------  --------  ----  --------
  MAIN                  00000000   00200000  00000aae  001ff552  R  X
  INFO                  00200000   00008000  00000000  00008000  R  X
  SRAM_CODE             01000000   00040000  00000a1c  0003f5e4  RW X
  SRAM_DATA             20000000   00040000  00000a1c  0003f5e4  RW  


SEGMENT ALLOCATION MAP

run origin  load origin   length   init length attrs members
----------  ----------- ---------- ----------- ----- -------
00000000    00000000    00000ab0   00000ab0    r-x
  00000000    00000000    000000e8   000000e8    r-- .intvecs
  000000e8    000000e8    000008ba   000008ba    r-x .text
  000009a2    000009a2    000000d4   000000d4    r-- .const
  00000a78    00000a78    00000038   00000038    r-- .cinit
20000000    20000000    0000081c   00000000    rw-
  20000000    20000000    00000800   00000000    rw- .sysmem
  20000800    20000800    00000018   00000000    rw- .data
  20000818    20000818    00000004   00000000    rw- .bss
2003fe00    2003fe00    00000200   00000000    rw-
  2003fe00    2003fe00    00000200   00000000    rw- .stack


SECTION ALLOCATION MAP

 output                                  attributes/
section   page    origin      length       input sections
--------  ----  ----------  ----------   ----------------
.intvecs   0    00000000    000000e8     
                  00000000    000000e8     startup_msp432p4111_ccs.obj (.intvecs:retain)

.text      0    000000e8    000008ba     
                  000000e8    00000350     system_msp432p4111.obj (.text)
                  00000438    00000108     main.obj (.text)
                  00000540    00000100     rtsv7M4_T_le_v4SPD16_eabi.lib : memory.c.obj (.text:aligned_alloc)
                  00000640    000000e8     csHFXT.obj (.text)
                  00000728    0000009c     rtsv7M4_T_le_v4SPD16_eabi.lib : memcpy_t2.asm.obj (.text)
                  000007c4    00000070                                   : memory.c.obj (.text:split)
                  00000834    00000068                                   : copy_decompress_lzss.c.obj (.text:decompress:lzss:__TI_decompress_lzss)
                  0000089c    00000044                                   : autoinit.c.obj (.text:__TI_auto_init_nobinit_nopinit:__TI_auto_init_nobinit_nopinit)
                  000008e0    00000034                                   : boot_cortex_m.c.obj (.text:_c_int00_noargs:_c_int00_noargs)
                  00000914    00000028                                   : memory.c.obj (.text:free_list_insert)
                  0000093c    0000001c                                   : copy_zero_init.c.obj (.text:decompress:ZI:__TI_zero_init_nomemset:__TI_zero_init_nomemset)
                  00000958    0000001c                                   : memory.c.obj (.text:free_list_remove)
                  00000974    0000000e                                   : copy_decompress_none.c.obj (.text:decompress:none:__TI_decompress_none)
                  00000982    0000000e     startup_msp432p4111_ccs.obj (.text)
                  00000990    00000008     rtsv7M4_T_le_v4SPD16_eabi.lib : memory.c.obj (.text:malloc)
                  00000998    00000004                                   : pre_init.c.obj (.text:_system_pre_init)
                  0000099c    00000004                                   : exit.c.obj (.text:abort:abort)
                  000009a0    00000002                                   : _lock.c.obj (.text:_nop)

.const     0    000009a2    000000d4     
                  000009a2    000000d4     main.obj (.const:.string:httpRequest)

.cinit     0    00000a78    00000038     
                  00000a78    00000011     (.cinit..data.load) [load image, compression = lzss]
                  00000a89    00000003     --HOLE-- [fill = 0]
                  00000a8c    0000000c     (__TI_handler_table)
                  00000a98    00000008     (.cinit..bss.load) [load image, compression = zero_init]
                  00000aa0    00000010     (__TI_cinit_table)

.init_array 
*          0    00000000    00000000     UNINITIALIZED

.binit     0    00000000    00000000     

.sysmem    0    20000000    00000800     UNINITIALIZED
                  20000000    00000010     rtsv7M4_T_le_v4SPD16_eabi.lib : memory.c.obj (.sysmem)
                  20000010    000007f0     --HOLE--

.data      0    20000800    00000018     UNINITIALIZED
                  20000800    00000008     rtsv7M4_T_le_v4SPD16_eabi.lib : _lock.c.obj (.data:$O1$$)
                  20000808    00000008                                   : memory.c.obj (.data:$O1$$)
                  20000810    00000004     main.obj (.data)
                  20000814    00000004     system_msp432p4111.obj (.data)

.bss       0    20000818    00000004     UNINITIALIZED
                  20000818    00000004     (.common:buffer)

.stack     0    2003fe00    00000200     UNINITIALIZED
                  2003fe00    00000004     rtsv7M4_T_le_v4SPD16_eabi.lib : boot_cortex_m.c.obj (.stack)
                  2003fe04    000001fc     --HOLE--

__llvm_prf_cnts 
*          0    20000000    00000000     UNINITIALIZED

MODULE SUMMARY

       Module                        code   ro data   rw data
       ------                        ----   -------   -------
    .\
       system_msp432p4111.obj        848    0         8      
       main.obj                      264    212       16     
       startup_msp432p4111_ccs.obj   14     232       0      
       csHFXT.obj                    232    0         0      
    +--+-----------------------------+------+---------+---------+
       Total:                        1358   444       24     
                                                             
    C:\ti\ccs1250\ccs\tools\compiler\ti-cgt-arm_20.2.7.LTS\lib\rtsv7M4_T_le_v4SPD16_eabi.lib
       memory.c.obj                  444    0         16     
       memcpy_t2.asm.obj             156    0         0      
       copy_decompress_lzss.c.obj    104    0         0      
       autoinit.c.obj                68     0         0      
       boot_cortex_m.c.obj           52     0         0      
       copy_zero_init.c.obj          28     0         0      
       _lock.c.obj                   2      0         16     
       copy_decompress_none.c.obj    14     0         0      
       exit.c.obj                    4      0         0      
       pre_init.c.obj                4      0         0      
    +--+-----------------------------+------+---------+---------+
       Total:                        876    0         32     
                                                             
       Heap:                         0      0         4096   
       Stack:                        0      0         1024   
       Linker Generated:             0      53        0      
    +--+-----------------------------+------+---------+---------+
       Grand Total:                  2234   497       5176   


LINKER GENERATED COPY TABLES

__TI_cinit_table @ 00000aa0 records: 2, size/record: 8, table size: 16
	.data: load addr=00000a78, load size=00000011 bytes, run addr=20000800, run size=00000018 bytes, compression=lzss
	.bss: load addr=00000a98, load size=00000008 bytes, run addr=20000818, run size=00000004 bytes, compression=zero_init


LINKER GENERATED HANDLER TABLE

__TI_handler_table @ 00000a8c records: 3, size/record: 4, table size: 12
	index: 0, handler: __TI_decompress_lzss
	index: 1, handler: __TI_decompress_none
	index: 2, handler: __TI_zero_init


GLOBAL SYMBOLS: SORTED ALPHABETICALLY BY Name 

address   name                          
-------   ----                          
0000098f  ADC14_IRQHandler              
0000098f  AES256_IRQHandler             
0000098f  BusFault_Handler              
0000099d  C$$EXIT                       
0000098f  COMP_E0_IRQHandler            
0000098f  COMP_E1_IRQHandler            
0000098f  CS_IRQHandler                 
0000098f  DMA_ERR_IRQHandler            
0000098f  DMA_INT0_IRQHandler           
0000098f  DMA_INT1_IRQHandler           
0000098f  DMA_INT2_IRQHandler           
0000098f  DMA_INT3_IRQHandler           
0000098f  DebugMon_Handler              
0000098f  Default_Handler               
000004e7  EUSCIA0_IRQHandler            
000004e7  EUSCIA0_IRQHandler            
0000098f  EUSCIA1_IRQHandler            
0000098f  EUSCIA2_IRQHandler            
0000098f  EUSCIA3_IRQHandler            
0000098f  EUSCIB0_IRQHandler            
0000098f  EUSCIB1_IRQHandler            
0000098f  EUSCIB2_IRQHandler            
0000098f  EUSCIB3_IRQHandler            
0000098f  FLCTL_A_IRQHandler            
0000098f  FPU_IRQHandler                
0000098f  HardFault_Handler             
0000098f  LCD_F_IRQHandler              
0000098f  MemManage_Handler             
0000098f  NMI_Handler                   
0000098f  PCM_IRQHandler                
0000098f  PORT1_IRQHandler              
0000098f  PORT2_IRQHandler              
0000098f  PORT3_IRQHandler              
0000098f  PORT4_IRQHandler              
0000098f  PORT5_IRQHandler              
0000098f  PORT6_IRQHandler              
0000098f  PSS_IRQHandler                
0000098f  PendSV_Handler                
0000098f  RTC_C_IRQHandler              
00000983  Reset_Handler                 
0000098f  SVC_Handler                   
0000098f  SysTick_Handler               
20000814  SystemCoreClock               
000000e9  SystemCoreClockUpdate         
00000361  SystemInit                    
0000098f  T32_INT1_IRQHandler           
0000098f  T32_INT2_IRQHandler           
0000098f  T32_INTC_IRQHandler           
0000098f  TA0_0_IRQHandler              
0000098f  TA0_N_IRQHandler              
0000098f  TA1_0_IRQHandler              
0000098f  TA1_N_IRQHandler              
0000098f  TA2_0_IRQHandler              
0000098f  TA2_N_IRQHandler              
0000098f  TA3_0_IRQHandler              
0000098f  TA3_N_IRQHandler              
0000098f  UsageFault_Handler            
4000480c  WDTCTL_SYM                    
0000098f  WDT_A_IRQHandler              
20040000  __STACK_END                   
00000200  __STACK_SIZE                  
00000800  __SYSMEM_SIZE                 
00000aa0  __TI_CINIT_Base               
00000ab0  __TI_CINIT_Limit              
00000a8c  __TI_Handler_Table_Base       
00000a98  __TI_Handler_Table_Limit      
0000089d  __TI_auto_init_nobinit_nopinit
00000835  __TI_decompress_lzss          
00000975  __TI_decompress_none          
ffffffff  __TI_pprof_out_hndl           
ffffffff  __TI_prof_data_size           
ffffffff  __TI_prof_data_start          
00000000  __TI_static_base__            
0000093d  __TI_zero_init_nomemset       
00000729  __aeabi_memcpy                
00000729  __aeabi_memcpy4               
00000729  __aeabi_memcpy8               
ffffffff  __binit__                     
ffffffff  __c_args__                    
UNDEFED   __mpu_init                    
2003fe00  __stack                       
20000000  __start___llvm_prf_cnts       
20000000  __stop___llvm_prf_cnts        
000008e1  _c_int00_noargs               
20000800  _lock                         
000009a1  _nop                          
20000000  _sys_memory                   
UNDEFED   _system_post_cinit            
00000999  _system_pre_init              
20000804  _unlock                       
0000099d  abort                         
00000541  aligned_alloc                 
ffffffff  binit                         
20000818  buffer                        
20000810  buffer_i                      
00000641  configHFXT                    
000006e1  error                         
000009a2  httpRequest                   
00000000  interruptVectors              
0000046d  main                          
00000991  malloc                        
00000541  memalign                      
00000729  memcpy                        
00000439  printMessage                  


GLOBAL SYMBOLS: SORTED BY Symbol Address 

address   name                          
-------   ----                          
00000000  __TI_static_base__            
00000000  interruptVectors              
000000e9  SystemCoreClockUpdate         
00000200  __STACK_SIZE                  
00000361  SystemInit                    
00000439  printMessage                  
0000046d  main                          
000004e7  EUSCIA0_IRQHandler            
000004e7  EUSCIA0_IRQHandler            
00000541  aligned_alloc                 
00000541  memalign                      
00000641  configHFXT                    
000006e1  error                         
00000729  __aeabi_memcpy                
00000729  __aeabi_memcpy4               
00000729  __aeabi_memcpy8               
00000729  memcpy                        
00000800  __SYSMEM_SIZE                 
00000835  __TI_decompress_lzss          
0000089d  __TI_auto_init_nobinit_nopinit
000008e1  _c_int00_noargs               
0000093d  __TI_zero_init_nomemset       
00000975  __TI_decompress_none          
00000983  Reset_Handler                 
0000098f  ADC14_IRQHandler              
0000098f  AES256_IRQHandler             
0000098f  BusFault_Handler              
0000098f  COMP_E0_IRQHandler            
0000098f  COMP_E1_IRQHandler            
0000098f  CS_IRQHandler                 
0000098f  DMA_ERR_IRQHandler            
0000098f  DMA_INT0_IRQHandler           
0000098f  DMA_INT1_IRQHandler           
0000098f  DMA_INT2_IRQHandler           
0000098f  DMA_INT3_IRQHandler           
0000098f  DebugMon_Handler              
0000098f  Default_Handler               
0000098f  EUSCIA1_IRQHandler            
0000098f  EUSCIA2_IRQHandler            
0000098f  EUSCIA3_IRQHandler            
0000098f  EUSCIB0_IRQHandler            
0000098f  EUSCIB1_IRQHandler            
0000098f  EUSCIB2_IRQHandler            
0000098f  EUSCIB3_IRQHandler            
0000098f  FLCTL_A_IRQHandler            
0000098f  FPU_IRQHandler                
0000098f  HardFault_Handler             
0000098f  LCD_F_IRQHandler              
0000098f  MemManage_Handler             
0000098f  NMI_Handler                   
0000098f  PCM_IRQHandler                
0000098f  PORT1_IRQHandler              
0000098f  PORT2_IRQHandler              
0000098f  PORT3_IRQHandler              
0000098f  PORT4_IRQHandler              
0000098f  PORT5_IRQHandler              
0000098f  PORT6_IRQHandler              
0000098f  PSS_IRQHandler                
0000098f  PendSV_Handler                
0000098f  RTC_C_IRQHandler              
0000098f  SVC_Handler                   
0000098f  SysTick_Handler               
0000098f  T32_INT1_IRQHandler           
0000098f  T32_INT2_IRQHandler           
0000098f  T32_INTC_IRQHandler           
0000098f  TA0_0_IRQHandler              
0000098f  TA0_N_IRQHandler              
0000098f  TA1_0_IRQHandler              
0000098f  TA1_N_IRQHandler              
0000098f  TA2_0_IRQHandler              
0000098f  TA2_N_IRQHandler              
0000098f  TA3_0_IRQHandler              
0000098f  TA3_N_IRQHandler              
0000098f  UsageFault_Handler            
0000098f  WDT_A_IRQHandler              
00000991  malloc                        
00000999  _system_pre_init              
0000099d  C$$EXIT                       
0000099d  abort                         
000009a1  _nop                          
000009a2  httpRequest                   
00000a8c  __TI_Handler_Table_Base       
00000a98  __TI_Handler_Table_Limit      
00000aa0  __TI_CINIT_Base               
00000ab0  __TI_CINIT_Limit              
20000000  __start___llvm_prf_cnts       
20000000  __stop___llvm_prf_cnts        
20000000  _sys_memory                   
20000800  _lock                         
20000804  _unlock                       
20000810  buffer_i                      
20000814  SystemCoreClock               
20000818  buffer                        
2003fe00  __stack                       
20040000  __STACK_END                   
4000480c  WDTCTL_SYM                    
ffffffff  __TI_pprof_out_hndl           
ffffffff  __TI_prof_data_size           
ffffffff  __TI_prof_data_start          
ffffffff  __binit__                     
ffffffff  __c_args__                    
ffffffff  binit                         
UNDEFED   __mpu_init                    
UNDEFED   _system_post_cinit            

[104 symbols]
